// Jest Snapshot v1, https://goo.gl/fbAQLP

exports[`Signin Component should render correctly 1`] = `
<div
  className="grid grid-cols-1 md:grid-cols-2 gap-0 h-screen"
>
  <div
    className="md:col-span-1 h-screen"
  >
    <div
      className="flex h-screen items-center justify-center"
    >
      <div
        className="top-20 flex gap-4 ml-[35%] absolute text-right"
      >
        <h2
          className=""
        >
          signin.donthaveAccount
        </h2>
        <button
          className="text-[#20DC49] "
          onClick={[Function]}
        >
          signin.signUp
        </button>
      </div>
      <div
        className="text-center w-[50%]"
      >
        <p
          className="mb-10 font-bold text-[150%]"
        >
          signin.wlcmback
        </p>
        <p
          className="mb-10 text-[100%] text-gray-500"
        >
          signin.loginacc
        </p>
        <button
          className="text-black rounded border-[1px] border-[#20DC49] px-4 py-2 mb-5 flex items-center justify-center space-x-2 mx-auto"
          onClick={[Function]}
        >
          <img
            alt="Google"
            className="w-6 h-6"
            src="/google.svg"
          />
          <span>
            signup.googleButton
          </span>
        </button>
        <div
          className="text-center mt-4 mb-4 relative"
        >
          <hr
            className="border-gray-300 border-t-1 mt-3 absolute w-full"
          />
          <p
            className="relative z-10 bg-white inline "
          >
            signup.orContinueWith
          </p>
        </div>
        <form
          onSubmit={[Function]}
        >
          <div
            className="mb-4"
          >
            <label
              className="block text-gray-700 text-sm font-bold mb-2"
              htmlFor="email"
            />
            <input
              className="h-[50px] shadow appearance-none border rounded w-full py-2 px-3 text-gray-700 leading-tight focus:outline-none focus:shadow-outline"
              id="email"
              name="email"
              onChange={[Function]}
              placeholder="signup.emailLabel"
              type="email"
              value=""
            />
          </div>
          <div
            className="mb-4"
          >
            <label
              className="block text-gray-700 text-sm font-bold mb-2"
              htmlFor="password"
            />
            <input
              className="h-[50px] shadow appearance-none border rounded w-full py-2 px-3 text-gray-700 leading-tight focus:outline-none focus:shadow-outline"
              id="password"
              name="password"
              onChange={[Function]}
              placeholder="signup.passwordLabel"
              type="password"
              value=""
            />
          </div>
          <div
            className="top-5 flex flex-row-reverse mr-5"
          >
            <button
              className="text-[#D93F21] "
              onClick={[Function]}
            >
              signin.recover
            </button>
          </div>
          <button
            className="bg-[#20DC49] text-black rounded px-4 mt-3 py-2"
            type="submit"
          >
            signin.login
          </button>
        </form>
      </div>
    </div>
    <p
      className="text-left ml-20  text-gray-500 text-[12px] mb-10 "
    >
      signup.termsOfUse
    </p>
  </div>
  <div
    className="relative col-span-1 bg-white h-screen mb-10 sm:hidden md:block"
  >
    <img
      alt="signin"
      className="h-full object-cover"
      src="/sign.svg"
      width="100%"
    />
  </div>
</div>
`;
