// Jest Snapshot v1, https://goo.gl/fbAQLP

exports[`Sponsor Component should render correctly 1`] = `
Array [
  <div
    data-aos="fade-up"
    data-aos-duration="1000"
  >
    <center
      className="pt-10"
    >
      <b
        style={
          Object {
            "fontSize": "30px",
          }
        }
      >
        Oursponsor
      </b>
    </center>
    <div
      style={
        Object {
          "display": "flex",
          "flexWrap": "wrap",
          "justifyContent": "space-around",
        }
      }
    >
      <img
        alt="image"
        data-nimg="1"
        decoding="async"
        height={30}
        loading="lazy"
        onError={[Function]}
        onLoad={[Function]}
        src="/_next/image?url=%2FBurger.png&w=640&q=75"
        srcSet="/_next/image?url=%2FBurger.png&w=256&q=75 1x, /_next/image?url=%2FBurger.png&w=640&q=75 2x"
        style={
          Object {
            "color": "transparent",
            "marginTop": "40px",
          }
        }
        width={200}
      />
      <img
        alt="image"
        data-nimg="1"
        decoding="async"
        height={30}
        loading="lazy"
        onError={[Function]}
        onLoad={[Function]}
        src="/_next/image?url=%2Fkfc.png&w=640&q=75"
        srcSet="/_next/image?url=%2Fkfc.png&w=256&q=75 1x, /_next/image?url=%2Fkfc.png&w=640&q=75 2x"
        style={
          Object {
            "color": "transparent",
            "marginTop": "40px",
          }
        }
        width={200}
      />
      <img
        alt="image"
        data-nimg="1"
        decoding="async"
        height={30}
        loading="lazy"
        onError={[Function]}
        onLoad={[Function]}
        src="/_next/image?url=%2Fchicken.png&w=640&q=75"
        srcSet="/_next/image?url=%2Fchicken.png&w=256&q=75 1x, /_next/image?url=%2Fchicken.png&w=640&q=75 2x"
        style={
          Object {
            "color": "transparent",
            "marginTop": "40px",
          }
        }
        width={200}
      />
      <img
        alt="image"
        data-nimg="1"
        decoding="async"
        height={30}
        loading="lazy"
        onError={[Function]}
        onLoad={[Function]}
        src="/_next/image?url=%2Fpizza.png&w=640&q=75"
        srcSet="/_next/image?url=%2Fpizza.png&w=256&q=75 1x, /_next/image?url=%2Fpizza.png&w=640&q=75 2x"
        style={
          Object {
            "color": "transparent",
            "marginTop": "40px",
          }
        }
        width={200}
      />
    </div>
  </div>,
  <div
    className="flex flex-col  lg:flex-row flex-wrap bg-[#80D6F6] mt-10 justify-center items-center lg:justify-normal lg:items-start "
  >
    <div
      className="w-1/2 flex items-center lg:justify-start justify-center  lg:ml-10 basis-3/12"
      data-aos="fade-right"
      data-aos-duration="600"
    >
      <img
        alt="image"
        height={20}
        src="/comm.png"
        width={300}
      />
    </div>
    <div
      className="w-1/2 text-white mt-20 basis-2/3"
      data-aos="fade-left"
      data-aos-duration="1000"
    >
      <b
        className="text-4xl mt-30"
      >
        joinus
      </b>
      <p
        className="text-xl mt-10"
      >
        disc
      </p>
      <button
        className="py-2  lg:px-10 ml-[200px] text-white font-semibold shadow-md hover:bg-green-700  focus:ring-opacity-75 rounded-full bg-[#20DC49] mt-4 mr-10 mb-10"
      >
        donation
         ‚ù§
      </button>
    </div>
  </div>,
]
`;
