// Jest Snapshot v1, https://goo.gl/fbAQLP

exports[`ButtonBack Component should render correctly 1`] = `
<a
  className="text-center font-bold p-2 pr-8 pl-8"
  href="/coupons"
  onClick={[Function]}
  onMouseEnter={[Function]}
  onTouchStart={[Function]}
  type="button"
>
  success.back
</a>
`;
