// Jest Snapshot v1, https://goo.gl/fbAQLP

exports[`BlogCard Component should render correctly 1`] = `
<div
  className="relative w-[416px] h-[528px] rounded overflow-hidden shadow-lg m-4 hover:bg-gray-100 transform hover:scale-105 transition duration-300 ease-in-out"
>
  <img
    alt=""
    className="w-full h-56 object-cover"
    src=""
  />
  <div
    className="flex flex-col flex-grow p-4"
  >
    <h2
      className="font-bold text-xl mb-2"
    />
    <div
      className="flex items-center mb-2"
    >
      <img
        alt="Mellisa Sidisaid"
        className="w-8 h-8 rounded-full mr-2"
        src="./melisa.jpg"
      />
      <div
        className="flex space-x-4 mr-4 text-gray-700"
      >
        Mellisa Sidisaid
      </div>
      <div
        className="flex space-x-4 text-gray-700"
      />
    </div>
    <p
      className="text-gray-600 mb-4 flex-grow p-4"
    />
    <div
      className="mt-auto"
    />
    <button
      className="absolute bottom-0 left-0 hover:text-gray-300 text-green-500 font-bold py-2 px-4 mb-1 rounded-full text-center"
      style={
        Object {
          "textDecoration": "underline",
        }
      }
    >
      <p>
        Read
      </p>
    </button>
  </div>
</div>
`;
