// Jest Snapshot v1, https://goo.gl/fbAQLP

exports[`CouponsBanner Component should render correctly 1`] = `
<section
  className="flex flex-col xl:flex-row items-center w-full"
>
  <div
    className="flex  bg-cover w-full xl:w-1/2 -mt-20 "
  >
    <img
      src="don.png"
    />
  </div>
  <div
    className="flex-1 px-4 lg:px-10 lg:mb-0 py-16"
  >
    <div
      className="w-full"
    >
      <h1
        className="lg:text-7xl md:text-5xl text-4xl font-bold text-[#1A8FE3]"
        data-aos="fade-left"
      >
        banner.title
         
        <span
          className="underline"
        >
          banner.titleStyled
           
        </span>
      </h1>
      <p
        className="mt-6 mb-12 text-gray-600 font-semibold"
        data-aos="fade-left"
      >
        banner.description
      </p>
    </div>
    <div
      className="mt-10 grid grid-cols-2 gap-10"
      data-aos="fade-left"
    >
      <section>
        <div
          className="flex gap-1"
        >
          <span
            className="lg:text-6xl text-3xl text-[#1A8FE3]"
          >
            <svg
              fill="currentColor"
              height="1em"
              stroke="currentColor"
              strokeWidth="0"
              style={
                Object {
                  "color": undefined,
                }
              }
              viewBox="0 0 16 16"
              width="1em"
              xmlns="http://www.w3.org/2000/svg"
            >
              <path
                d="m8 2.42-.717-.737c-1.13-1.161-3.243-.777-4.01.72-.35.685-.451 1.707.236 3.062C4.16 6.753 5.52 8.32 8 10.042c2.479-1.723 3.839-3.29 4.491-4.577.687-1.355.587-2.377.236-3.061-.767-1.498-2.88-1.882-4.01-.721L8 2.42Zm-.49 8.5c-10.78-7.44-3-13.155.359-10.063.045.041.089.084.132.129.043-.045.087-.088.132-.129 3.36-3.092 11.137 2.624.357 10.063l.235.468a.25.25 0 1 1-.448.224l-.008-.017c.008.11.02.202.037.29.054.27.161.488.419 1.003.288.578.235 1.15.076 1.629-.157.469-.422.867-.588 1.115l-.004.007a.25.25 0 1 1-.416-.278c.168-.252.4-.6.533-1.003.133-.396.163-.824-.049-1.246l-.013-.028c-.24-.48-.38-.758-.448-1.102a3.177 3.177 0 0 1-.052-.45l-.04.08a.25.25 0 1 1-.447-.224l.235-.468ZM6.013 2.06c-.649-.18-1.483.083-1.85.798-.131.258-.245.689-.08 1.335.063.244.414.198.487-.043.21-.697.627-1.447 1.359-1.692.217-.073.304-.337.084-.398Z"
                fillRule="evenodd"
              />
            </svg>
          </span>
          <h1
            className=" text-start text-xl lg:text-4xl font-bold text-gray-800"
          >
            banner.title1
          </h1>
        </div>
        <div
          className="mt-5"
        >
          <p
            className="text-[#9A9A9A] text-sm leading-6"
          >
            banner.description1
          </p>
        </div>
      </section>
      <section>
        <div
          className="flex gap-1"
        >
          <span
            className="lg:text-6xl text-3xl text-[#1A8FE3]"
          >
            <svg
              fill="currentColor"
              height="1em"
              stroke="currentColor"
              strokeWidth="0"
              style={
                Object {
                  "color": undefined,
                }
              }
              viewBox="0 0 1024 1024"
              width="1em"
              xmlns="http://www.w3.org/2000/svg"
            >
              <path
                d="M515.664-.368C305.76-.368 128 178.4 128 390.176c0 221.76 206.032 448.544 344.624 607.936.528.64 22.929 25.52 50.528 25.52h2.449c27.6 0 49.84-24.88 50.399-25.52 130.064-149.52 320-396.048 320-607.936C896 178.4 757.344-.368 515.664-.368zm12.832 955.552c-1.12 1.12-2.753 2.369-4.193 3.409-1.472-1.008-3.072-2.288-4.255-3.408l-16.737-19.248C371.92 785.2 192 578.785 192 390.176c0-177.008 148.224-326.56 323.664-326.56 218.528 0 316.336 164 316.336 326.56 0 143.184-102.128 333.296-303.504 565.008zm-15.377-761.776c-106.032 0-192 85.968-192 192s85.968 192 192 192 192-85.968 192-192-85.968-192-192-192zm0 320c-70.576 0-129.473-58.816-129.473-129.408 0-70.576 57.424-128 128-128 70.624 0 128 57.424 128 128 .032 70.592-55.903 129.408-126.527 129.408z"
              />
            </svg>
          </span>
          <h1
            className=" text-start text-xl lg:text-4xl font-bold text-gray-800"
          >
            banner.title2
          </h1>
        </div>
        <div
          className="mt-5"
        >
          <p
            className="text-[#9A9A9A] text-sm leading-6"
          >
            banner.description2
          </p>
        </div>
      </section>
      <section>
        <div
          className="flex gap-1"
        >
          <span
            className="lg:text-6xl text-3xl text-[#1A8FE3]"
          >
            <svg
              fill="currentColor"
              height="1em"
              stroke="currentColor"
              strokeWidth="0"
              style={
                Object {
                  "color": undefined,
                }
              }
              viewBox="0 0 32 32"
              width="1em"
              xmlns="http://www.w3.org/2000/svg"
            >
              <path
                d="M 14.5 3 C 12.567 3 11 4.567 11 6.5 C 11 10 17 13 17 13 C 17 13 23 10 23 6.5 C 23 4.567 21.433 3 19.5 3 C 18.519 3 17.635 3.4066406 17 4.0566406 C 16.365 3.4066406 15.481 3 14.5 3 z M 14.5 5 C 14.904 5 15.284313 5.160125 15.570312 5.453125 L 16.103516 6 L 17.896484 6 L 18.429688 5.453125 C 18.715688 5.160125 19.096 5 19.5 5 C 20.327 5 21 5.673 21 6.5 C 21 7.761 18.894 9.5758438 17 10.714844 C 15.105 9.5748437 13 7.761 13 6.5 C 13 5.673 13.673 5 14.5 5 z M 19.21875 13.978516 L 17.582031 15.126953 L 20.191406 18.849609 L 16.589844 21.34375 L 14.046875 20.027344 C 15.221946 19.435735 16.740633 18.671002 16.746094 18.667969 L 16.757812 18.660156 L 16.767578 18.654297 C 17.73002 18.08786 18.223142 16.919812 17.902344 15.808594 L 17.902344 15.806641 C 17.522685 14.49269 16.123178 13.720962 14.808594 14.099609 L 14.806641 14.099609 L 7.6953125 16.082031 L 2.9882812 19.316406 L 4.8828125 27.037109 L 9.9277344 25.214844 L 17.074219 28.914062 L 28.943359 20.697266 L 27.806641 19.052734 L 16.925781 26.585938 L 10.072266 23.035156 L 6.2949219 24.400391 L 5.2617188 20.183594 L 8.5546875 17.917969 L 15.357422 16.021484 L 15.361328 16.021484 C 15.638162 15.941494 15.900321 16.085904 15.980469 16.363281 C 16.047189 16.594407 15.942859 16.815375 15.755859 16.927734 C 15.723219 16.944614 13.072686 18.278992 11.398438 19.121094 L 9.6484375 20 L 16.740234 23.673828 L 22.984375 19.349609 L 19.21875 13.978516 z"
              />
            </svg>
          </span>
          <h1
            className=" text-start text-xl lg:text-4xl font-bold text-gray-800"
          >
            banner.title3
          </h1>
        </div>
        <div
          className="mt-5"
        >
          <p
            className="text-[#9A9A9A] text-sm leading-6"
          >
            banner.description3
          </p>
        </div>
      </section>
      <section>
        <div
          className="flex gap-1"
        >
          <span
            className="lg:text-6xl text-3xl text-[#1A8FE3]"
          >
            <svg
              fill="currentColor"
              height="1em"
              stroke="currentColor"
              strokeWidth="0"
              style={
                Object {
                  "color": undefined,
                }
              }
              viewBox="0 0 24 24"
              width="1em"
              xmlns="http://www.w3.org/2000/svg"
            >
              <path
                d="M17.841 15.659L18.017 15.836L18.1945 15.659C19.0732 14.7803 20.4978 14.7803 21.3765 15.659C22.2552 16.5377 22.2552 17.9623 21.3765 18.841L18.0178 22.1997L14.659 18.841C13.7803 17.9623 13.7803 16.5377 14.659 15.659C15.5377 14.7803 16.9623 14.7803 17.841 15.659ZM12 14V16C8.68629 16 6 18.6863 6 22H4C4 17.6651 7.44784 14.1355 11.7508 14.0038L12 14ZM12 1C15.315 1 18 3.685 18 7C18 10.2397 15.4357 12.8776 12.225 12.9959L12 13C8.685 13 6 10.315 6 7C6 3.76034 8.56434 1.12237 11.775 1.00414L12 1ZM12 3C9.78957 3 8 4.78957 8 7C8 9.21043 9.78957 11 12 11C14.2104 11 16 9.21043 16 7C16 4.78957 14.2104 3 12 3Z"
              />
            </svg>
          </span>
          <h1
            className=" text-start text-xl lg:text-4xl font-bold text-gray-800"
          >
            banner.title4
          </h1>
        </div>
        <div
          className="mt-5"
        >
          <p
            className="text-[#9A9A9A] text-sm leading-6"
          >
            banner.description4
          </p>
        </div>
      </section>
    </div>
  </div>
</section>
`;
