// Jest Snapshot v1, https://goo.gl/fbAQLP

exports[`Coupons Component should render correctly 1`] = `
<div
  className="flex flex-col justify-center items-center"
>
  <div
    className="Toastify"
  />
  <div
    className="xl:-mt-14"
  >
    <svg
      class="w-full h-full"
      height="374"
      viewBox="0 0 1725 274"
      xmlns="http://www.w3.org/2000/svg"
    >
      <path
        d="M0 0H1725V250.022C1069.04 282.526 690.799 281.455 0 250.022V0Z"
        fill="#43AFD6"
      />
      <text
        class="text-5xl font-semibold"
        dominant-baseline="middle"
        fill="white"
        text-anchor="middle"
        x="50%"
        y="50%"
      >
        cards.title
      </text>
    </svg>
  </div>
  <div
    className="bg-white p-10 m-10 flex flex-col gap-16 rounded-lg border border-gray-100 shadow-2xl lg:max-w-7xl"
  >
    <div
      className="flex flex-row flex-wrap gap-24 justify-center 2xl:justify-start w-[570] h-[417]"
    />
    <div
      className="flex gap-10 items-center flex-wrap justify-center border-t-4 border-dashed border-t-green-500 pt-14"
    >
      <button
        className="px-2 py-2 w-[45%] md:w-[18%] h-20 text-2xl font-bold bg-white border-2  border-green-100 shadow-2xl rounded-sm ring-1 ring-gray-100"
        onClick={[Function]}
      >
        $
        10
      </button>
      <button
        className="px-2 py-2 w-[45%] md:w-[18%] h-20 text-2xl font-bold bg-white border-2  border-green-100 shadow-2xl rounded-sm ring-1 ring-gray-100"
        onClick={[Function]}
      >
        $
        25
      </button>
      <button
        className="px-2 py-2 w-[45%] md:w-[18%] h-20 text-2xl font-bold bg-white border-2  border-green-100 shadow-2xl rounded-sm ring-1 ring-gray-100"
        onClick={[Function]}
      >
        $
        50
      </button>
      <button
        className="px-2 py-2 w-[45%] md:w-[18%] h-20 text-2xl font-bold bg-white border-2  border-green-100 shadow-2xl rounded-sm ring-1 ring-gray-100"
        onClick={[Function]}
      >
        $
        100
      </button>
    </div>
    <div
      className="relative w-full rounded-md border-[#20DC49] border-2  border-opacity-50"
      data-aos="fade-left"
    >
      <input
        className="h-[40px] p-8 w-full text-[#20DC49] font-bold text-4xl placeholder-[#20DC49] rounded-md bg-white shadow-md"
        name="custom amount"
        onChange={[Function]}
        placeholder="cards.placeholder"
        type="number"
        value={0}
      />
      <span
        className="h-[65px] justify-center flex items-center bg-[#20DC49] bg-opacity-10 text-gray-500 absolute right-0 bottom-0 w-48 font-bold text-5xl"
      >
        $
      </span>
    </div>
    <button
      className="p-4 py-3 text-4xl font-bold w-full bg-[#20DC49] text-white rounded-2xl mb-28"
      data-aos="fade-up"
      onClick={[Function]}
      type="submit"
    >
      cards.addTocart
       ðŸ›’
    </button>
  </div>
</div>
`;
