// Jest Snapshot v1, https://goo.gl/fbAQLP

exports[`ImpactCard Component should render correctly 1`] = `
<section>
  <div
    className="flex gap-1"
  >
    <span
      className="lg:text-6xl text-3xl text-[#1A8FE3]"
    />
    <h1
      className=" text-start text-xl lg:text-4xl font-bold text-gray-800"
    />
  </div>
  <div
    className="mt-5"
  >
    <p
      className="text-[#9A9A9A] text-sm leading-6"
    />
  </div>
</section>
`;
