// Jest Snapshot v1, https://goo.gl/fbAQLP

exports[`Email Component should render correctly 1`] = `
<layout>
  <div
    className="md:hidden"
    data-aos="fade-up"
    data-aos-duration="1000"
  >
    <div
      className="text-center"
    >
      <h1
        className="text-gray-500 font-bold text-lg"
      >
        GetupdateonBlogandEvents
      </h1>
      <h2
        className="text-gray-400 font-bold text-lg"
      >
        Getdirectlyonyouremail
      </h2>
    </div>
    <form
      action="https://formsubmit.co/sidisaidmel@gmail.com"
      className="flex flex-col items-center"
      method="POST"
    >
      <div
        className="m-2"
      >
        <input
          className="border-2 border-gray-300 rounded-lg h-11 w-full placeholder:px-3"
          name="email"
          placeholder="email"
          type="email"
        />
      </div>
      <input
        name="_subject"
        type="hidden"
        value="New submission"
      />
      <button
        className="bg-[#20DC49]  text-white rounded-full p-2 px-3 text-[9px] sm:text-base sm:px-6 text-center cursor-pointer font-medium hover:bg-green-600  mt-2"
      >
        Subscribe
      </button>
      <input
        name="_autoresponse"
        type="hidden"
        value="Successfully subscribed"
      />
    </form>
  </div>
  <div
    className=" hidden md:flex justify-evenly md:gap-48 lg:gap-96 "
    data-aos="fade-up"
    data-aos-duration="1000"
  >
    <div
      className="lg:ml-6"
    >
      <h1
        className="text-gray-500 font-bold text-lg"
      >
        <p>
          GetupdateonBlogandEvents
        </p>
      </h1>
      <h2
        className="text-gray-400 font-bold text-lg"
      >
        <p>
          Getdirectlyonyouremail
        </p>
      </h2>
    </div>
    <div
      className=""
    >
      <form
        action="https://formsubmit.co/sidisaidmel@gmail.com"
        method="POST"
      >
        <input
          className="border-2 border-gray-300 rounded-lg h-11 placeholder:px-3"
          name="email"
          placeholder="email"
          style={
            Object {
              "width": "400px",
            }
          }
          type="email"
        />
        <input
          name="_subject"
          type="hidden"
          value="New submission!"
        />
        <button
          className="bg-[#20DC49] ml-2 text-white rounded-full p-2 px-3 text-base sm:text-base sm:px-6 text-center cursor-pointer font-medium hover:bg-green-600"
        >
          Subscribe
        </button>
        <input
          name="_autoresponse"
          type="hidden"
          value="Successfully subscribed"
        />
      </form>
    </div>
  </div>
  <div
    className="text-center mt-2 mb-10 text-[#212B36]"
    data-aos="fade-up"
    data-aos-duration="1000"
  >
    <p>
      privacyPolicy
    </p>
  </div>
</layout>
`;
