// Jest Snapshot v1, https://goo.gl/fbAQLP

exports[`MemberList Component should render correctly 1`] = `
<section
  className="px-4 md:p-0 mt-[-90px] flex flex-col container justify-center mx-auto min-h-screen gap-20 overflow-y-visible"
>
  <h1
    className="text-4xl font-bold text-center text-[#212B36]"
  >
    member.team
  </h1>
  <div
    className="relative flex items-center group"
  >
    <svg
      className="bg-white left-0 rounded-full absolute opacity-50 hover:opacity-100 cursor-pointer z-10 hidden group-hover:block"
      fill="currentColor"
      height={40}
      onClick={[Function]}
      stroke="currentColor"
      strokeWidth="0"
      style={
        Object {
          "color": undefined,
        }
      }
      viewBox="0 0 24 24"
      width={40}
      xmlns="http://www.w3.org/2000/svg"
    >
      <path
        d="M0 0h24v24H0z"
        fill="none"
      />
      <path
        d="M15.41 7.41L14 6l-6 6 6 6 1.41-1.41L10.83 12z"
      />
    </svg>
    <div
      className="w-full h-full flex gap-20 whitespace-nowrap overflow-x-hidden scroll-smooth no-scrollbar relative overflow-y-visible pt-40 pl-40 pr-40"
      id="slider"
    >
      <div
        className="bg-white flex flex-col gap-4 items-center rounded-md w-96 shadow-lg relative "
      >
        <figure
          className="absolute"
        >
          <img
            alt="member.hamid"
            className="rounded-full shadow-md object-cover -translate-y-[75%]"
            data-nimg="1"
            decoding="async"
            height={150}
            loading="lazy"
            onError={[Function]}
            onLoad={[Function]}
            src="/_next/image?url=%2Fhamid_ahmidat.jpg&w=384&q=75"
            srcSet="/_next/image?url=%2Fhamid_ahmidat.jpg&w=256&q=75 1x, /_next/image?url=%2Fhamid_ahmidat.jpg&w=384&q=75 2x"
            style={
              Object {
                "color": "transparent",
              }
            }
            width={150}
          />
        </figure>
        <div
          className="flex flex-col gap-4 p-6 w-96 "
        >
          <span
            className="bg-green-100 text-sm font-medium text-green-600 text-center px-2 rounded-md self-start"
          >
            member.member
          </span>
          <h3
            className="text-xl font-bold text-center"
          >
            member.hamid
          </h3>
          <p
            className="text-center font-medium text-gray-700 whitespace-normal"
          >
            member.hamidDiscription
          </p>
          <div
            className="flex space-x-5  justify-center "
          >
            <a
              className="text-slate-700 text-2xl "
              href="https://www.facebook.com/hamid.ahmidat.3/"
              rel="noopener noreferrer"
              target="_blank"
            >
              <svg
                fill="currentColor"
                height="1em"
                stroke="currentColor"
                strokeWidth="0"
                style={
                  Object {
                    "color": undefined,
                  }
                }
                version="1.1"
                viewBox="0 0 16 16"
                width="1em"
                xmlns="http://www.w3.org/2000/svg"
              >
                <path
                  d="M9.5 3h2.5v-3h-2.5c-1.93 0-3.5 1.57-3.5 3.5v1.5h-2v3h2v8h3v-8h2.5l0.5-3h-3v-1.5c0-0.271 0.229-0.5 0.5-0.5z"
                />
              </svg>
            </a>
            <a
              className="text-slate-700 text-2xl "
              href="https://github.com/HamidAhmidat"
              rel="noopener noreferrer"
              target="_blank"
            >
              <svg
                fill="currentColor"
                height="1em"
                stroke="currentColor"
                strokeWidth="0"
                style={
                  Object {
                    "color": undefined,
                  }
                }
                version="1.1"
                viewBox="0 0 16 16"
                width="1em"
                xmlns="http://www.w3.org/2000/svg"
              >
                <path
                  d="M8 0.198c-4.418 0-8 3.582-8 8 0 3.535 2.292 6.533 5.471 7.591 0.4 0.074 0.547-0.174 0.547-0.385 0-0.191-0.008-0.821-0.011-1.489-2.226 0.484-2.695-0.944-2.695-0.944-0.364-0.925-0.888-1.171-0.888-1.171-0.726-0.497 0.055-0.486 0.055-0.486 0.803 0.056 1.226 0.824 1.226 0.824 0.714 1.223 1.872 0.869 2.328 0.665 0.072-0.517 0.279-0.87 0.508-1.070-1.777-0.202-3.645-0.888-3.645-3.954 0-0.873 0.313-1.587 0.824-2.147-0.083-0.202-0.357-1.015 0.077-2.117 0 0 0.672-0.215 2.201 0.82 0.638-0.177 1.322-0.266 2.002-0.269 0.68 0.003 1.365 0.092 2.004 0.269 1.527-1.035 2.198-0.82 2.198-0.82 0.435 1.102 0.162 1.916 0.079 2.117 0.513 0.56 0.823 1.274 0.823 2.147 0 3.073-1.872 3.749-3.653 3.947 0.287 0.248 0.543 0.735 0.543 1.481 0 1.070-0.009 1.932-0.009 2.195 0 0.213 0.144 0.462 0.55 0.384 3.177-1.059 5.466-4.057 5.466-7.59 0-4.418-3.582-8-8-8z"
                />
              </svg>
            </a>
            <a
              className="text-slate-700 text-2xl "
              href="https://www.linkedin.com/in/hamid-ahmidat/"
              rel="noopener noreferrer"
              target="_blank"
            >
              <svg
                fill="currentColor"
                height="1em"
                stroke="currentColor"
                strokeWidth="0"
                style={
                  Object {
                    "color": undefined,
                  }
                }
                viewBox="0 0 16 16"
                width="1em"
                xmlns="http://www.w3.org/2000/svg"
              >
                <path
                  d="M0 1.146C0 .513.526 0 1.175 0h13.65C15.474 0 16 .513 16 1.146v13.708c0 .633-.526 1.146-1.175 1.146H1.175C.526 16 0 15.487 0 14.854V1.146zm4.943 12.248V6.169H2.542v7.225h2.401zm-1.2-8.212c.837 0 1.358-.554 1.358-1.248-.015-.709-.52-1.248-1.342-1.248-.822 0-1.359.54-1.359 1.248 0 .694.521 1.248 1.327 1.248h.016zm4.908 8.212V9.359c0-.216.016-.432.08-.586.173-.431.568-.878 1.232-.878.869 0 1.216.662 1.216 1.634v3.865h2.401V9.25c0-2.22-1.184-3.252-2.764-3.252-1.274 0-1.845.7-2.165 1.193v.025h-.016a5.54 5.54 0 0 1 .016-.025V6.169h-2.4c.03.678 0 7.225 0 7.225h2.4z"
                />
              </svg>
            </a>
          </div>
        </div>
      </div>
      <div
        className="bg-white flex flex-col gap-4 items-center rounded-md w-96 shadow-lg relative "
      >
        <figure
          className="absolute"
        >
          <img
            alt="member.sidAhmed"
            className="rounded-full shadow-md object-cover -translate-y-[75%]"
            data-nimg="1"
            decoding="async"
            height={150}
            loading="lazy"
            onError={[Function]}
            onLoad={[Function]}
            src="/_next/image?url=%2Fsidahmed.jpg&w=384&q=75"
            srcSet="/_next/image?url=%2Fsidahmed.jpg&w=256&q=75 1x, /_next/image?url=%2Fsidahmed.jpg&w=384&q=75 2x"
            style={
              Object {
                "color": "transparent",
              }
            }
            width={150}
          />
        </figure>
        <div
          className="flex flex-col gap-4 p-6 w-96 "
        >
          <span
            className="bg-green-100 text-sm font-medium text-green-600 text-center px-2 rounded-md self-start"
          >
            member.member
          </span>
          <h3
            className="text-xl font-bold text-center"
          >
            member.sidAhmed
          </h3>
          <p
            className="text-center font-medium text-gray-700 whitespace-normal"
          >
            member.sidAhmedDiscription
          </p>
          <div
            className="flex space-x-5  justify-center "
          >
            <a
              className="text-slate-700 text-2xl "
              href="https://www.facebook.com"
              rel="noopener noreferrer"
              target="_blank"
            >
              <svg
                fill="currentColor"
                height="1em"
                stroke="currentColor"
                strokeWidth="0"
                style={
                  Object {
                    "color": undefined,
                  }
                }
                version="1.1"
                viewBox="0 0 16 16"
                width="1em"
                xmlns="http://www.w3.org/2000/svg"
              >
                <path
                  d="M9.5 3h2.5v-3h-2.5c-1.93 0-3.5 1.57-3.5 3.5v1.5h-2v3h2v8h3v-8h2.5l0.5-3h-3v-1.5c0-0.271 0.229-0.5 0.5-0.5z"
                />
              </svg>
            </a>
            <a
              className="text-slate-700 text-2xl "
              href="https://github.com/Zino0031"
              rel="noopener noreferrer"
              target="_blank"
            >
              <svg
                fill="currentColor"
                height="1em"
                stroke="currentColor"
                strokeWidth="0"
                style={
                  Object {
                    "color": undefined,
                  }
                }
                version="1.1"
                viewBox="0 0 16 16"
                width="1em"
                xmlns="http://www.w3.org/2000/svg"
              >
                <path
                  d="M8 0.198c-4.418 0-8 3.582-8 8 0 3.535 2.292 6.533 5.471 7.591 0.4 0.074 0.547-0.174 0.547-0.385 0-0.191-0.008-0.821-0.011-1.489-2.226 0.484-2.695-0.944-2.695-0.944-0.364-0.925-0.888-1.171-0.888-1.171-0.726-0.497 0.055-0.486 0.055-0.486 0.803 0.056 1.226 0.824 1.226 0.824 0.714 1.223 1.872 0.869 2.328 0.665 0.072-0.517 0.279-0.87 0.508-1.070-1.777-0.202-3.645-0.888-3.645-3.954 0-0.873 0.313-1.587 0.824-2.147-0.083-0.202-0.357-1.015 0.077-2.117 0 0 0.672-0.215 2.201 0.82 0.638-0.177 1.322-0.266 2.002-0.269 0.68 0.003 1.365 0.092 2.004 0.269 1.527-1.035 2.198-0.82 2.198-0.82 0.435 1.102 0.162 1.916 0.079 2.117 0.513 0.56 0.823 1.274 0.823 2.147 0 3.073-1.872 3.749-3.653 3.947 0.287 0.248 0.543 0.735 0.543 1.481 0 1.070-0.009 1.932-0.009 2.195 0 0.213 0.144 0.462 0.55 0.384 3.177-1.059 5.466-4.057 5.466-7.59 0-4.418-3.582-8-8-8z"
                />
              </svg>
            </a>
            <a
              className="text-slate-700 text-2xl "
              href="https://www.linkedin.com/in/sidahmed-zinedine/"
              rel="noopener noreferrer"
              target="_blank"
            >
              <svg
                fill="currentColor"
                height="1em"
                stroke="currentColor"
                strokeWidth="0"
                style={
                  Object {
                    "color": undefined,
                  }
                }
                viewBox="0 0 16 16"
                width="1em"
                xmlns="http://www.w3.org/2000/svg"
              >
                <path
                  d="M0 1.146C0 .513.526 0 1.175 0h13.65C15.474 0 16 .513 16 1.146v13.708c0 .633-.526 1.146-1.175 1.146H1.175C.526 16 0 15.487 0 14.854V1.146zm4.943 12.248V6.169H2.542v7.225h2.401zm-1.2-8.212c.837 0 1.358-.554 1.358-1.248-.015-.709-.52-1.248-1.342-1.248-.822 0-1.359.54-1.359 1.248 0 .694.521 1.248 1.327 1.248h.016zm4.908 8.212V9.359c0-.216.016-.432.08-.586.173-.431.568-.878 1.232-.878.869 0 1.216.662 1.216 1.634v3.865h2.401V9.25c0-2.22-1.184-3.252-2.764-3.252-1.274 0-1.845.7-2.165 1.193v.025h-.016a5.54 5.54 0 0 1 .016-.025V6.169h-2.4c.03.678 0 7.225 0 7.225h2.4z"
                />
              </svg>
            </a>
          </div>
        </div>
      </div>
      <div
        className="bg-white flex flex-col gap-4 items-center rounded-md w-96 shadow-lg relative "
      >
        <figure
          className="absolute"
        >
          <img
            alt="member.milysa"
            className="rounded-full shadow-md object-cover -translate-y-[75%]"
            data-nimg="1"
            decoding="async"
            height={150}
            loading="lazy"
            onError={[Function]}
            onLoad={[Function]}
            src="/_next/image?url=%2Fmelisa.jpg&w=384&q=75"
            srcSet="/_next/image?url=%2Fmelisa.jpg&w=256&q=75 1x, /_next/image?url=%2Fmelisa.jpg&w=384&q=75 2x"
            style={
              Object {
                "color": "transparent",
              }
            }
            width={150}
          />
        </figure>
        <div
          className="flex flex-col gap-4 p-6 w-96 "
        >
          <span
            className="bg-green-100 text-sm font-medium text-green-600 text-center px-2 rounded-md self-start"
          >
            member.member
          </span>
          <h3
            className="text-xl font-bold text-center"
          >
            member.milysa
          </h3>
          <p
            className="text-center font-medium text-gray-700 whitespace-normal"
          >
            member.milysaDiscription
          </p>
          <div
            className="flex space-x-5  justify-center "
          >
            <a
              className="text-slate-700 text-2xl "
              href="https://www.facebook.com/"
              rel="noopener noreferrer"
              target="_blank"
            >
              <svg
                fill="currentColor"
                height="1em"
                stroke="currentColor"
                strokeWidth="0"
                style={
                  Object {
                    "color": undefined,
                  }
                }
                version="1.1"
                viewBox="0 0 16 16"
                width="1em"
                xmlns="http://www.w3.org/2000/svg"
              >
                <path
                  d="M9.5 3h2.5v-3h-2.5c-1.93 0-3.5 1.57-3.5 3.5v1.5h-2v3h2v8h3v-8h2.5l0.5-3h-3v-1.5c0-0.271 0.229-0.5 0.5-0.5z"
                />
              </svg>
            </a>
            <a
              className="text-slate-700 text-2xl "
              href="https://github.com/melissasidisid"
              rel="noopener noreferrer"
              target="_blank"
            >
              <svg
                fill="currentColor"
                height="1em"
                stroke="currentColor"
                strokeWidth="0"
                style={
                  Object {
                    "color": undefined,
                  }
                }
                version="1.1"
                viewBox="0 0 16 16"
                width="1em"
                xmlns="http://www.w3.org/2000/svg"
              >
                <path
                  d="M8 0.198c-4.418 0-8 3.582-8 8 0 3.535 2.292 6.533 5.471 7.591 0.4 0.074 0.547-0.174 0.547-0.385 0-0.191-0.008-0.821-0.011-1.489-2.226 0.484-2.695-0.944-2.695-0.944-0.364-0.925-0.888-1.171-0.888-1.171-0.726-0.497 0.055-0.486 0.055-0.486 0.803 0.056 1.226 0.824 1.226 0.824 0.714 1.223 1.872 0.869 2.328 0.665 0.072-0.517 0.279-0.87 0.508-1.070-1.777-0.202-3.645-0.888-3.645-3.954 0-0.873 0.313-1.587 0.824-2.147-0.083-0.202-0.357-1.015 0.077-2.117 0 0 0.672-0.215 2.201 0.82 0.638-0.177 1.322-0.266 2.002-0.269 0.68 0.003 1.365 0.092 2.004 0.269 1.527-1.035 2.198-0.82 2.198-0.82 0.435 1.102 0.162 1.916 0.079 2.117 0.513 0.56 0.823 1.274 0.823 2.147 0 3.073-1.872 3.749-3.653 3.947 0.287 0.248 0.543 0.735 0.543 1.481 0 1.070-0.009 1.932-0.009 2.195 0 0.213 0.144 0.462 0.55 0.384 3.177-1.059 5.466-4.057 5.466-7.59 0-4.418-3.582-8-8-8z"
                />
              </svg>
            </a>
            <a
              className="text-slate-700 text-2xl "
              href="https://www.linkedin.com/in/milyssa-sidisaid-46170a232/"
              rel="noopener noreferrer"
              target="_blank"
            >
              <svg
                fill="currentColor"
                height="1em"
                stroke="currentColor"
                strokeWidth="0"
                style={
                  Object {
                    "color": undefined,
                  }
                }
                viewBox="0 0 16 16"
                width="1em"
                xmlns="http://www.w3.org/2000/svg"
              >
                <path
                  d="M0 1.146C0 .513.526 0 1.175 0h13.65C15.474 0 16 .513 16 1.146v13.708c0 .633-.526 1.146-1.175 1.146H1.175C.526 16 0 15.487 0 14.854V1.146zm4.943 12.248V6.169H2.542v7.225h2.401zm-1.2-8.212c.837 0 1.358-.554 1.358-1.248-.015-.709-.52-1.248-1.342-1.248-.822 0-1.359.54-1.359 1.248 0 .694.521 1.248 1.327 1.248h.016zm4.908 8.212V9.359c0-.216.016-.432.08-.586.173-.431.568-.878 1.232-.878.869 0 1.216.662 1.216 1.634v3.865h2.401V9.25c0-2.22-1.184-3.252-2.764-3.252-1.274 0-1.845.7-2.165 1.193v.025h-.016a5.54 5.54 0 0 1 .016-.025V6.169h-2.4c.03.678 0 7.225 0 7.225h2.4z"
                />
              </svg>
            </a>
          </div>
        </div>
      </div>
      <div
        className="bg-white flex flex-col gap-4 items-center rounded-md w-96 shadow-lg relative "
      >
        <figure
          className="absolute"
        >
          <img
            alt="member.tchoketch"
            className="rounded-full shadow-md object-cover -translate-y-[75%]"
            data-nimg="1"
            decoding="async"
            height={150}
            loading="lazy"
            onError={[Function]}
            onLoad={[Function]}
            src="/_next/image?url=%2Fmohamed_tchoketch.png&w=384&q=75"
            srcSet="/_next/image?url=%2Fmohamed_tchoketch.png&w=256&q=75 1x, /_next/image?url=%2Fmohamed_tchoketch.png&w=384&q=75 2x"
            style={
              Object {
                "color": "transparent",
              }
            }
            width={150}
          />
        </figure>
        <div
          className="flex flex-col gap-4 p-6 w-96 "
        >
          <span
            className="bg-green-100 text-sm font-medium text-green-600 text-center px-2 rounded-md self-start"
          >
            member.member
          </span>
          <h3
            className="text-xl font-bold text-center"
          >
            member.tchoketch
          </h3>
          <p
            className="text-center font-medium text-gray-700 whitespace-normal"
          >
            member.tchoketchDiscription
          </p>
          <div
            className="flex space-x-5  justify-center "
          >
            <a
              className="text-slate-700 text-2xl "
              href="https://www.facebook.com/profile.php?id=61550933040267"
              rel="noopener noreferrer"
              target="_blank"
            >
              <svg
                fill="currentColor"
                height="1em"
                stroke="currentColor"
                strokeWidth="0"
                style={
                  Object {
                    "color": undefined,
                  }
                }
                version="1.1"
                viewBox="0 0 16 16"
                width="1em"
                xmlns="http://www.w3.org/2000/svg"
              >
                <path
                  d="M9.5 3h2.5v-3h-2.5c-1.93 0-3.5 1.57-3.5 3.5v1.5h-2v3h2v8h3v-8h2.5l0.5-3h-3v-1.5c0-0.271 0.229-0.5 0.5-0.5z"
                />
              </svg>
            </a>
            <a
              className="text-slate-700 text-2xl "
              href="https://github.com/mohamed70601"
              rel="noopener noreferrer"
              target="_blank"
            >
              <svg
                fill="currentColor"
                height="1em"
                stroke="currentColor"
                strokeWidth="0"
                style={
                  Object {
                    "color": undefined,
                  }
                }
                version="1.1"
                viewBox="0 0 16 16"
                width="1em"
                xmlns="http://www.w3.org/2000/svg"
              >
                <path
                  d="M8 0.198c-4.418 0-8 3.582-8 8 0 3.535 2.292 6.533 5.471 7.591 0.4 0.074 0.547-0.174 0.547-0.385 0-0.191-0.008-0.821-0.011-1.489-2.226 0.484-2.695-0.944-2.695-0.944-0.364-0.925-0.888-1.171-0.888-1.171-0.726-0.497 0.055-0.486 0.055-0.486 0.803 0.056 1.226 0.824 1.226 0.824 0.714 1.223 1.872 0.869 2.328 0.665 0.072-0.517 0.279-0.87 0.508-1.070-1.777-0.202-3.645-0.888-3.645-3.954 0-0.873 0.313-1.587 0.824-2.147-0.083-0.202-0.357-1.015 0.077-2.117 0 0 0.672-0.215 2.201 0.82 0.638-0.177 1.322-0.266 2.002-0.269 0.68 0.003 1.365 0.092 2.004 0.269 1.527-1.035 2.198-0.82 2.198-0.82 0.435 1.102 0.162 1.916 0.079 2.117 0.513 0.56 0.823 1.274 0.823 2.147 0 3.073-1.872 3.749-3.653 3.947 0.287 0.248 0.543 0.735 0.543 1.481 0 1.070-0.009 1.932-0.009 2.195 0 0.213 0.144 0.462 0.55 0.384 3.177-1.059 5.466-4.057 5.466-7.59 0-4.418-3.582-8-8-8z"
                />
              </svg>
            </a>
            <a
              className="text-slate-700 text-2xl "
              href="https://www.linkedin.com/in/mohamed-r-tchoketch-584b54285/"
              rel="noopener noreferrer"
              target="_blank"
            >
              <svg
                fill="currentColor"
                height="1em"
                stroke="currentColor"
                strokeWidth="0"
                style={
                  Object {
                    "color": undefined,
                  }
                }
                viewBox="0 0 16 16"
                width="1em"
                xmlns="http://www.w3.org/2000/svg"
              >
                <path
                  d="M0 1.146C0 .513.526 0 1.175 0h13.65C15.474 0 16 .513 16 1.146v13.708c0 .633-.526 1.146-1.175 1.146H1.175C.526 16 0 15.487 0 14.854V1.146zm4.943 12.248V6.169H2.542v7.225h2.401zm-1.2-8.212c.837 0 1.358-.554 1.358-1.248-.015-.709-.52-1.248-1.342-1.248-.822 0-1.359.54-1.359 1.248 0 .694.521 1.248 1.327 1.248h.016zm4.908 8.212V9.359c0-.216.016-.432.08-.586.173-.431.568-.878 1.232-.878.869 0 1.216.662 1.216 1.634v3.865h2.401V9.25c0-2.22-1.184-3.252-2.764-3.252-1.274 0-1.845.7-2.165 1.193v.025h-.016a5.54 5.54 0 0 1 .016-.025V6.169h-2.4c.03.678 0 7.225 0 7.225h2.4z"
                />
              </svg>
            </a>
          </div>
        </div>
      </div>
      <div
        className="bg-white flex flex-col gap-4 items-center rounded-md w-96 shadow-lg relative "
      >
        <figure
          className="absolute"
        >
          <img
            alt="member.achraf"
            className="rounded-full shadow-md object-cover -translate-y-[75%]"
            data-nimg="1"
            decoding="async"
            height={150}
            loading="lazy"
            onError={[Function]}
            onLoad={[Function]}
            src="/_next/image?url=%2Fachraf.jpg&w=384&q=75"
            srcSet="/_next/image?url=%2Fachraf.jpg&w=256&q=75 1x, /_next/image?url=%2Fachraf.jpg&w=384&q=75 2x"
            style={
              Object {
                "color": "transparent",
              }
            }
            width={150}
          />
        </figure>
        <div
          className="flex flex-col gap-4 p-6 w-96 "
        >
          <span
            className="bg-green-100 text-sm font-medium text-green-600 text-center px-2 rounded-md self-start"
          >
            member.member
          </span>
          <h3
            className="text-xl font-bold text-center"
          >
            member.achraf
          </h3>
          <p
            className="text-center font-medium text-gray-700 whitespace-normal"
          >
            member.achrafDiscription
          </p>
          <div
            className="flex space-x-5  justify-center "
          >
            <a
              className="text-slate-700 text-2xl "
              href="https://www.facebook.com/achraf.mehanneche/"
              rel="noopener noreferrer"
              target="_blank"
            >
              <svg
                fill="currentColor"
                height="1em"
                stroke="currentColor"
                strokeWidth="0"
                style={
                  Object {
                    "color": undefined,
                  }
                }
                version="1.1"
                viewBox="0 0 16 16"
                width="1em"
                xmlns="http://www.w3.org/2000/svg"
              >
                <path
                  d="M9.5 3h2.5v-3h-2.5c-1.93 0-3.5 1.57-3.5 3.5v1.5h-2v3h2v8h3v-8h2.5l0.5-3h-3v-1.5c0-0.271 0.229-0.5 0.5-0.5z"
                />
              </svg>
            </a>
            <a
              className="text-slate-700 text-2xl "
              href="https://github.com/DigitalDeveloperAM"
              rel="noopener noreferrer"
              target="_blank"
            >
              <svg
                fill="currentColor"
                height="1em"
                stroke="currentColor"
                strokeWidth="0"
                style={
                  Object {
                    "color": undefined,
                  }
                }
                version="1.1"
                viewBox="0 0 16 16"
                width="1em"
                xmlns="http://www.w3.org/2000/svg"
              >
                <path
                  d="M8 0.198c-4.418 0-8 3.582-8 8 0 3.535 2.292 6.533 5.471 7.591 0.4 0.074 0.547-0.174 0.547-0.385 0-0.191-0.008-0.821-0.011-1.489-2.226 0.484-2.695-0.944-2.695-0.944-0.364-0.925-0.888-1.171-0.888-1.171-0.726-0.497 0.055-0.486 0.055-0.486 0.803 0.056 1.226 0.824 1.226 0.824 0.714 1.223 1.872 0.869 2.328 0.665 0.072-0.517 0.279-0.87 0.508-1.070-1.777-0.202-3.645-0.888-3.645-3.954 0-0.873 0.313-1.587 0.824-2.147-0.083-0.202-0.357-1.015 0.077-2.117 0 0 0.672-0.215 2.201 0.82 0.638-0.177 1.322-0.266 2.002-0.269 0.68 0.003 1.365 0.092 2.004 0.269 1.527-1.035 2.198-0.82 2.198-0.82 0.435 1.102 0.162 1.916 0.079 2.117 0.513 0.56 0.823 1.274 0.823 2.147 0 3.073-1.872 3.749-3.653 3.947 0.287 0.248 0.543 0.735 0.543 1.481 0 1.070-0.009 1.932-0.009 2.195 0 0.213 0.144 0.462 0.55 0.384 3.177-1.059 5.466-4.057 5.466-7.59 0-4.418-3.582-8-8-8z"
                />
              </svg>
            </a>
            <a
              className="text-slate-700 text-2xl "
              href="https://www.linkedin.com/in/achraf-mehanneche-07a832251/"
              rel="noopener noreferrer"
              target="_blank"
            >
              <svg
                fill="currentColor"
                height="1em"
                stroke="currentColor"
                strokeWidth="0"
                style={
                  Object {
                    "color": undefined,
                  }
                }
                viewBox="0 0 16 16"
                width="1em"
                xmlns="http://www.w3.org/2000/svg"
              >
                <path
                  d="M0 1.146C0 .513.526 0 1.175 0h13.65C15.474 0 16 .513 16 1.146v13.708c0 .633-.526 1.146-1.175 1.146H1.175C.526 16 0 15.487 0 14.854V1.146zm4.943 12.248V6.169H2.542v7.225h2.401zm-1.2-8.212c.837 0 1.358-.554 1.358-1.248-.015-.709-.52-1.248-1.342-1.248-.822 0-1.359.54-1.359 1.248 0 .694.521 1.248 1.327 1.248h.016zm4.908 8.212V9.359c0-.216.016-.432.08-.586.173-.431.568-.878 1.232-.878.869 0 1.216.662 1.216 1.634v3.865h2.401V9.25c0-2.22-1.184-3.252-2.764-3.252-1.274 0-1.845.7-2.165 1.193v.025h-.016a5.54 5.54 0 0 1 .016-.025V6.169h-2.4c.03.678 0 7.225 0 7.225h2.4z"
                />
              </svg>
            </a>
          </div>
        </div>
      </div>
    </div>
    <svg
      className="bg-white right-0 rounded-full absolute opacity-50 hover:opacity-100 cursor-pointer z-10 hidden group-hover:block"
      fill="currentColor"
      height={40}
      onClick={[Function]}
      stroke="currentColor"
      strokeWidth="0"
      style={
        Object {
          "color": undefined,
        }
      }
      viewBox="0 0 24 24"
      width={40}
      xmlns="http://www.w3.org/2000/svg"
    >
      <path
        d="M0 0h24v24H0z"
        fill="none"
      />
      <path
        d="M10 6L8.59 7.41 13.17 12l-4.58 4.59L10 18l6-6z"
      />
    </svg>
  </div>
</section>
`;
