// Jest Snapshot v1, https://goo.gl/fbAQLP

exports[`MemberCard Component should render correctly 1`] = `
<div
  className="bg-white flex flex-col gap-4 items-center rounded-md w-96 shadow-lg relative "
>
  <figure
    className="absolute"
  >
    <img
      alt=""
      className="rounded-full shadow-md object-cover -translate-y-[75%]"
      data-nimg="1"
      decoding="async"
      height={150}
      onError={[Function]}
      onLoad={[Function]}
      src=""
      style={
        Object {
          "color": "transparent",
        }
      }
      width={150}
    />
  </figure>
  <div
    className="flex flex-col gap-4 p-6 w-96 "
  >
    <span
      className="bg-green-100 text-sm font-medium text-green-600 text-center px-2 rounded-md self-start"
    />
    <h3
      className="text-xl font-bold text-center"
    />
    <p
      className="text-center font-medium text-gray-700 whitespace-normal"
    />
    <div
      className="flex space-x-5  justify-center "
    />
  </div>
</div>
`;
