// Jest Snapshot v1, https://goo.gl/fbAQLP

exports[`CouponCard Component should render correctly 1`] = `
<div
  className="relative bg-green-500 border rounded-[20px]  p-4 shadow-md md:w-[400px] lg:w-[600px] xl:w-[800px]"
>
  <div
    className="flex flex-col md:flex-row items-center gap-4"
  >
    <img
      className="w-32 h-32 rounded-lg ml-2 md:ml-9 mb-5"
    />
    <div
      className="h-[2px] md:w-[2px] md:h-[140px] mb-1 md:ml-4 md:border-dashed md:border-l-[2px]"
    />
    <div
      className="flex-1"
    >
      <h2
        className="text-2xl md:text-4xl font-bold text-white"
      />
      <p
        className="text-xl md:text-2xl font-semibold text-white"
      >
        couponCard.price
         $
      </p>
      <div
        className="mt-4"
      >
        <button
          className="text-xl text-white hover:underline hover:text-gray-800 focus:outline-none"
          onClick={[Function]}
        >
          couponCard.remove
        </button>
        <div
          className="flex items-center pb-4"
        >
          <button
            className="text-2xl md:text-4xl text-white"
            onClick={[Function]}
          >
            +
          </button>
          <span
            className="mx-4 text-white text-xl md:text-2xl font-bold"
          />
          <button
            className="text-2xl md:text-4xl text-white"
            onClick={[Function]}
          >
            -
          </button>
          <div
            className="mt-4 flex justify-between items-center"
          >
            <div
              className="flex gap-2 ml-[90px] mt-[-20px] xl:ml-[300px]  md:ml-[90px] sm:ml-[10px]  "
            >
              <p
                className="text-xl md:text-2xl text-white font-semibold"
              >
                couponCard.total
              </p>
              <p
                className="text-xl md:text-2xl text-white font-semibold"
              >
                $
                NaN
              </p>
            </div>
          </div>
        </div>
      </div>
    </div>
  </div>
  <div
    className="absolute top-1/2 left-[-35px] bg-white w-10 h-10 md:w-[70px] md:h-[70px] xl:w-16 xl:h-16 rounded-full transform -translate-y-1/2"
  />
  <div
    className="absolute top-1/2 right-[-35px] bg-white w-10 h-10 md:w-[70px] md:h-[70px] xl:w-16 xl:h-16 rounded-full transform -translate-y-1/2"
  />
</div>
`;
