// Jest Snapshot v1, https://goo.gl/fbAQLP

exports[`SocialShare Component should render correctly 1`] = `
<div>
  <center
    className="m-5"
  >
    <b>
      success.share
    </b>
  </center>
  <div
    className="justify-between ml-5 mr-5 space-x-5"
  >
    <button
      aria-label="facebook"
      onClick={[Function]}
      style={
        Object {
          "backgroundColor": "transparent",
          "border": "none",
          "color": "inherit",
          "cursor": "pointer",
          "font": "inherit",
          "outline": "none",
          "padding": 0,
        }
      }
    >
      <svg
        height={50}
        viewBox="0 0 64 64"
        width={50}
      >
        <circle
          cx="32"
          cy="32"
          fill="#3b5998"
          r="31"
          style={Object {}}
        />
        <path
          d="M34.1,47V33.3h4.6l0.7-5.3h-5.3v-3.4c0-1.5,0.4-2.6,2.6-2.6l2.8,0v-4.8c-0.5-0.1-2.2-0.2-4.1-0.2 c-4.1,0-6.9,2.5-6.9,7V28H24v5.3h4.6V47H34.1z"
          fill="white"
        />
      </svg>
    </button>
    <button
      aria-label="twitter"
      onClick={[Function]}
      style={
        Object {
          "backgroundColor": "transparent",
          "border": "none",
          "color": "inherit",
          "cursor": "pointer",
          "font": "inherit",
          "outline": "none",
          "padding": 0,
        }
      }
    >
      <svg
        height={50}
        viewBox="0 0 64 64"
        width={50}
      >
        <circle
          cx="32"
          cy="32"
          fill="#000000"
          r="31"
          style={Object {}}
        />
        <path
          d="M 41.116 18.375 h 4.962 l -10.8405 12.39 l 12.753 16.86 H 38.005 l -7.821 -10.2255 L 21.235 47.625 H 16.27 l 11.595 -13.2525 L 15.631 18.375 H 25.87 l 7.0695 9.3465 z m -1.7415 26.28 h 2.7495 L 24.376 21.189 H 21.4255 z"
          fill="white"
        />
      </svg>
    </button>
    <button
      aria-label="pinterest"
      onClick={[Function]}
      style={
        Object {
          "backgroundColor": "transparent",
          "border": "none",
          "color": "inherit",
          "cursor": "pointer",
          "font": "inherit",
          "outline": "none",
          "padding": 0,
        }
      }
    >
      <svg
        height={50}
        viewBox="0 0 64 64"
        width={50}
      >
        <circle
          cx="32"
          cy="32"
          fill="#cb2128"
          r="31"
          style={Object {}}
        />
        <path
          d="M32,16c-8.8,0-16,7.2-16,16c0,6.6,3.9,12.2,9.6,14.7c0-1.1,0-2.5,0.3-3.7 c0.3-1.3,2.1-8.7,2.1-8.7s-0.5-1-0.5-2.5c0-2.4,1.4-4.1,3.1-4.1c1.5,0,2.2,1.1,2.2,2.4c0,1.5-0.9,3.7-1.4,5.7 c-0.4,1.7,0.9,3.1,2.5,3.1c3,0,5.1-3.9,5.1-8.5c0-3.5-2.4-6.1-6.7-6.1c-4.9,0-7.9,3.6-7.9,7.7c0,1.4,0.4,2.4,1.1,3.1 c0.3,0.3,0.3,0.5,0.2,0.9c-0.1,0.3-0.3,1-0.3,1.3c-0.1,0.4-0.4,0.6-0.8,0.4c-2.2-0.9-3.3-3.4-3.3-6.1c0-4.5,3.8-10,11.4-10 c6.1,0,10.1,4.4,10.1,9.2c0,6.3-3.5,11-8.6,11c-1.7,0-3.4-0.9-3.9-2c0,0-0.9,3.7-1.1,4.4c-0.3,1.2-1,2.5-1.6,3.4 c1.4,0.4,3,0.7,4.5,0.7c8.8,0,16-7.2,16-16C48,23.2,40.8,16,32,16z"
          fill="white"
        />
      </svg>
    </button>
    <button
      aria-label="telegram"
      onClick={[Function]}
      style={
        Object {
          "backgroundColor": "transparent",
          "border": "none",
          "color": "inherit",
          "cursor": "pointer",
          "font": "inherit",
          "outline": "none",
          "padding": 0,
        }
      }
    >
      <svg
        height={50}
        viewBox="0 0 64 64"
        width={50}
      >
        <circle
          cx="32"
          cy="32"
          fill="#37aee2"
          r="31"
          style={Object {}}
        />
        <path
          d="m45.90873,15.44335c-0.6901,-0.0281 -1.37668,0.14048 -1.96142,0.41265c-0.84989,0.32661 -8.63939,3.33986 -16.5237,6.39174c-3.9685,1.53296 -7.93349,3.06593 -10.98537,4.24067c-3.05012,1.1765 -5.34694,2.05098 -5.4681,2.09312c-0.80775,0.28096 -1.89996,0.63566 -2.82712,1.72788c-0.23354,0.27218 -0.46884,0.62161 -0.58825,1.10275c-0.11941,0.48114 -0.06673,1.09222 0.16682,1.5716c0.46533,0.96052 1.25376,1.35737 2.18443,1.71383c3.09051,0.99037 6.28638,1.93508 8.93263,2.8236c0.97632,3.44171 1.91401,6.89571 2.84116,10.34268c0.30554,0.69185 0.97105,0.94823 1.65764,0.95525l-0.00351,0.03512c0,0 0.53908,0.05268 1.06412,-0.07375c0.52679,-0.12292 1.18879,-0.42846 1.79109,-0.99212c0.662,-0.62161 2.45836,-2.38812 3.47683,-3.38552l7.6736,5.66477l0.06146,0.03512c0,0 0.84989,0.59703 2.09312,0.68132c0.62161,0.04214 1.4399,-0.07726 2.14229,-0.59176c0.70766,-0.51626 1.1765,-1.34683 1.396,-2.29506c0.65673,-2.86224 5.00979,-23.57745 5.75257,-27.00686l-0.02107,0.08077c0.51977,-1.93157 0.32837,-3.70159 -0.87096,-4.74991c-0.60054,-0.52152 -1.2924,-0.7498 -1.98425,-0.77965l0,0.00176zm-0.2072,3.29069c0.04741,0.0439 0.0439,0.0439 0.00351,0.04741c-0.01229,-0.00351 0.14048,0.2072 -0.15804,1.32576l-0.01229,0.04214l-0.00878,0.03863c-0.75858,3.50668 -5.15554,24.40802 -5.74203,26.96472c-0.08077,0.34417 -0.11414,0.31959 -0.09482,0.29852c-0.1756,-0.02634 -0.50045,-0.16506 -0.52679,-0.1756l-13.13468,-9.70175c4.4988,-4.33199 9.09945,-8.25307 13.744,-12.43229c0.8218,-0.41265 0.68483,-1.68573 -0.29852,-1.70681c-1.04305,0.24584 -1.92279,0.99564 -2.8798,1.47502c-5.49971,3.2626 -11.11882,6.13186 -16.55882,9.49279c-2.792,-0.97105 -5.57873,-1.77704 -8.15298,-2.57601c2.2336,-0.89555 4.00889,-1.55579 5.75608,-2.23009c3.05188,-1.1765 7.01687,-2.7042 10.98537,-4.24067c7.94051,-3.06944 15.92667,-6.16346 16.62028,-6.43037l0.05619,-0.02283l0.05268,-0.02283c0.19316,-0.0878 0.30378,-0.09658 0.35471,-0.10009c0,0 -0.01756,-0.05795 -0.00351,-0.04566l-0.00176,0zm-20.91715,22.0638l2.16687,1.60145c-0.93418,0.91311 -1.81743,1.77353 -2.45485,2.38812l0.28798,-3.98957"
          fill="white"
        />
      </svg>
    </button>
    <button
      aria-label="email"
      onClick={[Function]}
      style={
        Object {
          "backgroundColor": "transparent",
          "border": "none",
          "color": "inherit",
          "cursor": "pointer",
          "font": "inherit",
          "outline": "none",
          "padding": 0,
        }
      }
    >
      <svg
        height={50}
        viewBox="0 0 64 64"
        width={50}
      >
        <circle
          cx="32"
          cy="32"
          fill="#7f7f7f"
          r="31"
          style={Object {}}
        />
        <path
          d="M17,22v20h30V22H17z M41.1,25L32,32.1L22.9,25H41.1z M20,39V26.6l12,9.3l12-9.3V39H20z"
          fill="white"
        />
      </svg>
    </button>
  </div>
</div>
`;
