// Jest Snapshot v1, https://goo.gl/fbAQLP

exports[`Blog Component should render correctly 1`] = `
<div
  className="py-12 sm:py-12 max-w-screen-xl mx-auto"
>
  <div
    className="mx-auto max-w-7xl px-6 lg:px-8"
  >
    <div
      className="mb-5"
    >
      <h2
        className="text-center text-3xl font-semibold tracking-tight text-sky-600 sm:text-4xl"
      >
        life
      </h2>
      <p
        className="text-center mt-4 text-lg leading-8 text-gray-600 mb-5"
      >
        we
      </p>
    </div>
    <ul
      className="mx-auto mt-5 grid max-w-2xl grid-cols-1 gap-x-8 gap-y-16 sm:grid-cols-2 lg:mx-0 lg:max-w-none lg:grid-cols-3"
      data-aos="fade-up"
      data-aos-duration="1000"
      role="list"
    >
      <li
        className="group cursor-pointer transform transition-transform hover:scale-105 hover:bg-gray-200"
      >
        <img
          alt=""
          className="aspect-[3/2] w-full object-cover"
          src="storie01.png"
        />
        <h3
          className="mt-6 text-xs font-semibold leading-8 tracking-tight text-gray-600"
        >
          story
        </h3>
        <p
          className="text-xl leading-7 text-sky-600"
        >
          blog1
        </p>
      </li>
      <li
        className="group cursor-pointer transform transition-transform hover:scale-105 hover:bg-gray-200"
      >
        <img
          alt=""
          className="aspect-[3/2] w-full object-cover"
          src="storie02.png"
        />
        <h3
          className="mt-6 text-xs font-semibold leading-8 tracking-tight text-gray-600"
        >
          story
        </h3>
        <p
          className="text-xl leading-7 text-sky-600"
        >
          blog2
        </p>
      </li>
      <li
        className="group cursor-pointer transform transition-transform hover:scale-105 hover:bg-gray-200"
      >
        <img
          alt=""
          className="aspect-[3/2] w-full object-cover"
          src="storie03.png"
        />
        <h3
          className="mt-6 text-xs font-semibold leading-8 tracking-tight text-gray-600"
        >
          story
        </h3>
        <p
          className="text-xl leading-7 text-sky-600"
        >
          blog3
        </p>
      </li>
    </ul>
  </div>
</div>
`;
