// Jest Snapshot v1, https://goo.gl/fbAQLP

exports[`CouponUsed Component should render correctly 1`] = `
<div
  className="flex flex-col items-center m-5"
>
  <h1
    className="text-center font-bold text-2xl md:text-3xl lg:text-3xl xl:text-4xl mb-6"
  >
    coupon.Used
  </h1>
  <div
    className="flex justify-center gap-10 mb-5"
  >
    <div
      className="p-4 shadow-md rounded-lg cursor-pointer w-60 text-center  h-50 "
      onClick={[Function]}
    >
      <div
        className="font-bold text-xl"
      >
        42
      </div>
      <div
        className="font-bold text-sm"
      >
        coupon.Daily
      </div>
    </div>
    <div
      className="p-4 shadow-md rounded-lg cursor-pointer w-60 text-center  h-50 "
      onClick={[Function]}
    >
      <div
        className="font-bold text-xl"
      >
        674
      </div>
      <div
        className="font-bold text-sm"
      >
        coupon.Monthly
      </div>
    </div>
    <div
      className="p-4 shadow-md rounded-lg cursor-pointer w-60 text-center  h-50 "
      onClick={[Function]}
    >
      <div
        className="font-bold text-xl"
      >
        8994
      </div>
      <div
        className="font-bold text-sm"
      >
        coupon.Yearly
      </div>
    </div>
    <div
      className="p-4 shadow-md rounded-lg cursor-pointer w-60 text-center  h-50 "
      onClick={[Function]}
    >
      <div
        className="font-bold text-xl"
      >
        238.994
      </div>
      <div
        className="font-bold text-sm"
      >
        coupon.Total
      </div>
    </div>
  </div>
  <canvas />
</div>
`;
