// Jest Snapshot v1, https://goo.gl/fbAQLP

exports[`Cartpage Component should render correctly 1`] = `
<div
  className="max-w-contentContainer bg-gray-100"
>
  <div
    className="w-full py-10"
  >
    <div
      className="w-full flex flex-col gap-5 items-center md:flex-row"
    >
      <div
        className="ml-10 w-2/3 flex flex-col gap-5 flex-wrap items-center"
      >
        <h1
          className="text-2xl font-bold text-black gap-5 text-left items-start"
          data-aos="fade"
        >
          cart.title
           
          <span
            className="text-lightText font-normal gap-5"
          >
            (
             
            cart.item
            )
          </span>
        </h1>
        <div
          className="flex items-center justify-center"
        />
      </div>
      <div
        className="mt-10 h-500 flex flex-col justify-center md:flex-row"
        data-aos="fade-up"
      >
        <div
          className="md:mr-10  relative border h-[700px]  bg-white shadow-xl rounded-[20px]  p-4 md:w-[300px] lg:w-[400px] xl:w-[500px]"
        >
          <div
            className="w-full flex flex-col gap-4 border-b-[1px] border-b-zinc-200 pb-4 "
          >
            <div
              className="text-xl bg-green-500 text-white font-bold flex items-center gap-2 p-2 "
            >
              <p>
                cart.yourBag
              </p>
            </div>
            <div
              className="flex flex-col gap-1"
            >
              <div
                className="text-sm flex justify-between"
              >
                <p
                  className="font-semibold"
                >
                  cart.total
                   
                  <span>
                    (
                     
                    cart.item
                    )
                  </span>
                </p>
                <p
                  className="line-through text-zinc-500 text-base"
                >
                  <span>
                    $0.00
                  </span>
                </p>
              </div>
              <div
                className="text-sm flex justify-between"
              >
                <p
                  className="font-semibold"
                >
                  cart.taxes
                </p>
                <p
                  className="text-[#2a8703] font-bold bg-green-100 py-1 px-2[2px] rounded-lg flex"
                >
                  <span>
                    $0.00
                  </span>
                </p>
              </div>
              <div
                className="text-sm flex justify-between"
              >
                <p
                  className="font-semibold"
                >
                  cart.totalAmount
                </p>
                <p
                  className="text-[#2a8703] font-bold text-base "
                >
                  <span>
                    $0.00
                  </span>
                </p>
              </div>
            </div>
          </div>
          <div
            className="w-full flex flex-col gap-4 border-b-[1px] border-b-zinc-200 pt-10 "
          >
            <div
              className="flex flex-col gap-1"
            >
              <div
                className="absolute top-3/4 left-[-50px] bg-gray-100  w-3 h-3 md:w-[70px] md:h-[70px] xl:w-18 xl:h-18 rounded-full transform -translate-y-1/2"
              />
              <div
                className="w-full flex items-center justify-center"
              >
                <div
                  className=" w-[400px] h-[1px] border-b-[2px] bg-green-500 mb-1 md:ml-4 md:border-dashed md:border-t-[2px] mt-80"
                />
              </div>
              <div
                className="absolute top-3/4 right-0 transform translate-x-1/2 bg-gray-100 w-3 h-3 md:w-[70px] md:h-[70px] xl:w-18 xl=h-18 rounded-full -translate-y-1/2"
              />
            </div>
            <div
              className="flex items-center justify-between"
            >
              <p
                className="font-bold text-lg"
              >
                cart.totalPrice
              </p>
              <p
                className="text-[#2a8703] font-bold text-lg"
              >
                <span>
                  $0.00
                </span>
              </p>
            </div>
            <button
              className="w-full text-white h-10 rounded-md font-semibold duration-300 bg-green-500 hover:bg-hoverBg"
              onClick={[Function]}
            >
              cart.checkout
            </button>
          </div>
        </div>
      </div>
    </div>
  </div>
</div>
`;
