// Jest Snapshot v1, https://goo.gl/fbAQLP

exports[`ChangeLogo Component should render correctly 1`] = `
<div
  className="container mx-auto p-4 text-center"
>
  <div
    className="flex items-center justify-center mb-4"
  />
  <form
    autoComplete="off"
    className="space-y-4"
    onSubmit={[Function]}
  >
    <div
      className="border-2 border-dashed p-4 border-green-500 flex justify-center items-center h-60"
      onBlur={[Function]}
      onClick={[Function]}
      onDragEnter={[Function]}
      onDragLeave={[Function]}
      onDragOver={[Function]}
      onDrop={[Function]}
      onFocus={[Function]}
      onKeyDown={[Function]}
      role="presentation"
      tabIndex={0}
    >
      <input
        accept="image/png, image/jpeg"
        multiple={true}
        onChange={[Function]}
        onClick={[Function]}
        style={
          Object {
            "display": "none",
          }
        }
        tabIndex={-1}
        type="file"
      />
      <div>
        <p>
          edit.uploadphototext
        </p>
      </div>
    </div>
    <button
      className="bg-green-500 text-white rounded px-4 py-2 hover:bg-blue-500 transition duration-300 ease-in-out"
      type="submit"
    >
      edit.Upload
    </button>
  </form>
</div>
`;
