// Jest Snapshot v1, https://goo.gl/fbAQLP

exports[`Chart Component should render correctly 1`] = `<canvas />`;
